# IOReport telemetry  interval=250ms  csv=/Users/vanreece/dev/metal_ml_lab/experiments/017-mps-gemm-ceiling/raw/20260505T065707.csv  states_csv=/Users/vanreece/dev/metal_ml_lab/experiments/017-mps-gemm-ceiling/raw/20260505T065707-states.csv
# Ctrl-C to stop
# time        gpu mW    cpu mW    ane mW   dram mW   amcc mW    dcs mW    afr mW   disp mW    isp mW    ave mW  gpu_sram mW
  06:57:08    413 mW   1368 mW      0 mW    763 mW    859 mW    971 mW     43 mW    305 mW      3 mW      3 mW      0 mW
  06:57:08    274 mW   2538 mW      0 mW    813 mW    928 mW   1327 mW     32 mW    330 mW      2 mW      0 mW      0 mW
  06:57:09    695 mW   3599 mW      0 mW   1221 mW   1383 mW   1720 mW     71 mW    336 mW      2 mW      2 mW      0 mW
  06:57:09    491 mW   2552 mW      0 mW    901 mW   1081 mW   1227 mW     48 mW    324 mW      2 mW      2 mW      0 mW
  06:57:09    424 mW   2603 mW      0 mW    843 mW    953 mW   1133 mW     45 mW    317 mW      2 mW      2 mW      0 mW
  06:57:10    391 mW   2772 mW      0 mW    889 mW   1016 mW   1225 mW     45 mW    329 mW      2 mW      2 mW      0 mW
  06:57:10    405 mW   2930 mW      0 mW    808 mW    918 mW    944 mW     42 mW    314 mW      0 mW      2 mW      0 mW
  06:57:11   1497 mW   6738 mW      0 mW   1250 mW   1509 mW   2036 mW    129 mW    327 mW      2 mW      2 mW      0 mW
  06:57:11    699 mW   6485 mW      0 mW   1201 mW   1574 mW   2069 mW     73 mW    333 mW      2 mW      2 mW      0 mW
  06:57:12    288 mW   2803 mW      0 mW    753 mW    986 mW   1243 mW     36 mW    270 mW      2 mW      0 mW      0 mW
  06:57:12    300 mW   1792 mW      0 mW    584 mW    831 mW    950 mW     30 mW    219 mW      2 mW      2 mW      0 mW
  06:57:13   1807 mW   5900 mW      0 mW   1178 mW   1426 mW   1874 mW    144 mW    336 mW      2 mW      2 mW      0 mW
  06:57:13   1026 mW   6915 mW      0 mW   1263 mW   1644 mW   2098 mW    103 mW    332 mW      2 mW      2 mW      0 mW
  06:57:13    487 mW   3925 mW      0 mW    970 mW   1195 mW   1404 mW     62 mW    319 mW      0 mW      2 mW      0 mW
  06:57:14    314 mW   2755 mW      0 mW    706 mW    849 mW    990 mW     34 mW    321 mW      2 mW      2 mW      0 mW
  06:57:14   1858 mW   6806 mW      0 mW   1208 mW   1419 mW   1837 mW    140 mW    334 mW      2 mW      2 mW      0 mW
  06:57:15   1225 mW   6609 mW      0 mW   1212 mW   1593 mW   2071 mW    125 mW    331 mW      2 mW      2 mW      0 mW
  06:57:15    447 mW   3653 mW      0 mW    888 mW   1125 mW   1289 mW     57 mW    315 mW      2 mW      0 mW      0 mW
  06:57:16    279 mW   2261 mW      0 mW    662 mW    792 mW    973 mW     29 mW    293 mW      2 mW      2 mW      0 mW
  06:57:16   1599 mW   4737 mW      0 mW    998 mW   1264 mW   1705 mW    130 mW    334 mW      2 mW      2 mW      0 mW
  06:57:16   1044 mW   5692 mW      0 mW   1113 mW   1505 mW   2012 mW    108 mW    326 mW      2 mW      2 mW      0 mW
  06:57:17    484 mW   3081 mW      0 mW    725 mW    956 mW   1019 mW     58 mW    305 mW      0 mW      2 mW      0 mW
  06:57:17    248 mW   2313 mW      0 mW    647 mW    763 mW    949 mW     32 mW    300 mW      2 mW      2 mW      0 mW
  06:57:18   1520 mW   4376 mW      0 mW    977 mW   1273 mW   1727 mW    121 mW    322 mW      2 mW      2 mW      0 mW
  06:57:18   1048 mW   6223 mW      0 mW   1118 mW   1511 mW   2014 mW    112 mW    328 mW      2 mW      0 mW      0 mW
  06:57:19    464 mW   3580 mW      0 mW    851 mW   1053 mW   1198 mW     59 mW    284 mW      2 mW      2 mW      0 mW
  06:57:19    257 mW   3289 mW      0 mW    786 mW    968 mW   1218 mW     33 mW    301 mW      2 mW      2 mW      0 mW
  06:57:19   1467 mW   4426 mW      0 mW    981 mW   1315 mW   1710 mW    122 mW    310 mW      2 mW      2 mW      0 mW
  06:57:20   1059 mW   6144 mW      0 mW   1168 mW   1561 mW   2042 mW    107 mW    329 mW      0 mW      2 mW      0 mW
  06:57:20    482 mW   3544 mW      0 mW    896 mW   1116 mW   1367 mW     60 mW    320 mW      2 mW      2 mW      0 mW
  06:57:21    277 mW   2553 mW      0 mW    807 mW   1011 mW   1322 mW     35 mW    312 mW      2 mW      2 mW      0 mW
  06:57:21    932 mW   4288 mW      0 mW    989 mW   1332 mW   1728 mW     82 mW    331 mW      2 mW      0 mW      0 mW
  06:57:22    982 mW   6158 mW      0 mW   1170 mW   1555 mW   2042 mW    106 mW    331 mW      2 mW      2 mW      0 mW
  06:57:22    548 mW   3744 mW      0 mW    910 mW   1131 mW   1429 mW     67 mW    320 mW      2 mW      2 mW      0 mW
  06:57:22    423 mW   3063 mW      0 mW    907 mW    994 mW   1250 mW     48 mW    315 mW      2 mW      2 mW      0 mW
  06:57:23    722 mW   4542 mW      0 mW   1157 mW   1409 mW   1924 mW     69 mW    333 mW      0 mW      2 mW      0 mW
  06:57:23   1150 mW   6742 mW      0 mW   1218 mW   1568 mW   2018 mW    105 mW    320 mW      2 mW      2 mW      0 mW
  06:57:24    519 mW   3587 mW      0 mW    836 mW   1084 mW   1267 mW     76 mW    308 mW      2 mW      2 mW      0 mW
  06:57:24    412 mW   2365 mW      0 mW    758 mW    837 mW    949 mW     45 mW    306 mW      2 mW      0 mW      0 mW
  06:57:25    372 mW   3834 mW      0 mW    887 mW   1197 mW   1580 mW     40 mW    207 mW      2 mW      2 mW      0 mW
  06:57:25   1211 mW   5092 mW      0 mW   1027 mW   1464 mW   1950 mW    106 mW    325 mW      2 mW      2 mW      0 mW
  06:57:25    655 mW   3461 mW      0 mW    818 mW   1122 mW   1390 mW     89 mW    302 mW      2 mW      2 mW      0 mW
  06:57:26    452 mW   2293 mW      0 mW    744 mW    850 mW    919 mW     51 mW    316 mW      0 mW      2 mW      0 mW
  06:57:26    328 mW   2404 mW      0 mW    672 mW    878 mW   1214 mW     33 mW    196 mW      2 mW      2 mW      0 mW
  06:57:27   1318 mW   5183 mW      0 mW   1078 mW   1499 mW   1982 mW    125 mW    325 mW      2 mW      2 mW      0 mW
  06:57:27    831 mW   4483 mW      0 mW   1085 mW   1412 mW   1819 mW    107 mW    318 mW      2 mW      2 mW      0 mW
  06:57:28    530 mW   2353 mW      0 mW    806 mW    974 mW   1081 mW     47 mW    302 mW      2 mW      0 mW      0 mW
  06:57:28    537 mW   2439 mW      0 mW    829 mW    901 mW   1099 mW     46 mW    333 mW      2 mW      2 mW      0 mW
  06:57:29   1638 mW   4832 mW      0 mW   1061 mW   1460 mW   1935 mW    176 mW    332 mW      2 mW      2 mW      0 mW
  06:57:29   1081 mW   5887 mW      0 mW   1188 mW   1589 mW   2047 mW    159 mW    330 mW      2 mW      2 mW      0 mW
  06:57:29    409 mW   2509 mW      0 mW    697 mW    949 mW   1054 mW     40 mW    292 mW      0 mW      2 mW      0 mW
  06:57:30    196 mW   2395 mW      0 mW    679 mW    795 mW   1082 mW     25 mW    267 mW      2 mW      2 mW      0 mW
  06:57:30   2276 mW   4010 mW      0 mW   1062 mW   1468 mW   1843 mW    252 mW    324 mW      2 mW      2 mW      0 mW
  06:57:31   1836 mW   5034 mW      0 mW   1167 mW   1554 mW   2009 mW    260 mW    325 mW      2 mW      2 mW      0 mW
  06:57:31   1502 mW   4632 mW      0 mW   1134 mW   1415 mW   1783 mW    240 mW    325 mW      2 mW      0 mW      0 mW
  06:57:32    443 mW   2308 mW      0 mW    755 mW    845 mW    953 mW     43 mW    311 mW      2 mW      2 mW      0 mW
  06:57:32    809 mW   2463 mW      0 mW    916 mW    974 mW   1048 mW     67 mW    318 mW      2 mW      2 mW      0 mW
  06:57:32   3876 mW   4212 mW      0 mW   1171 mW   1560 mW   1989 mW    476 mW    331 mW      2 mW      2 mW      0 mW
  06:57:33   4191 mW   4674 mW      0 mW   1038 mW   1548 mW   1957 mW    621 mW    328 mW      0 mW      2 mW      0 mW
  06:57:33   1495 mW   3947 mW      0 mW    896 mW   1214 mW   1516 mW    323 mW    282 mW      2 mW      2 mW      0 mW
  06:57:34    364 mW   1853 mW      0 mW    662 mW    869 mW    926 mW     35 mW    251 mW      2 mW      2 mW      0 mW
  06:57:34   1067 mW   2221 mW      0 mW    795 mW    944 mW   1019 mW    100 mW    333 mW      2 mW      2 mW      0 mW
  06:57:35   4654 mW   3111 mW      0 mW   1066 mW   1571 mW   1799 mW    552 mW    326 mW      2 mW      0 mW      0 mW
  06:57:35   5283 mW   3006 mW      0 mW    892 mW   1510 mW   1733 mW    805 mW    258 mW      2 mW      2 mW      0 mW
  06:57:35   3788 mW   2949 mW      0 mW    875 mW   1460 mW   1618 mW    602 mW    219 mW      2 mW      2 mW      0 mW
  06:57:36   4197 mW   2858 mW      0 mW    998 mW   1534 mW   1749 mW    571 mW    322 mW      0 mW      2 mW      0 mW
  06:57:36   8285 mW   3491 mW      0 mW   1038 mW   1610 mW   1907 mW   1285 mW    323 mW      2 mW      2 mW      0 mW
  06:57:37    376 mW   2642 mW      0 mW    765 mW   1020 mW   1123 mW    130 mW    293 mW      2 mW      2 mW      0 mW
  06:57:37    260 mW   1858 mW      0 mW    570 mW    711 mW    894 mW     25 mW    160 mW      2 mW      2 mW      0 mW
  06:57:38  16419 mW   3424 mW      0 mW   1091 mW   1473 mW   1835 mW   1875 mW    336 mW      2 mW      0 mW      0 mW
  06:57:38  18192 mW   3072 mW      0 mW   1127 mW   1636 mW   1957 mW   2629 mW    323 mW      2 mW      2 mW      0 mW
  06:57:38  22063 mW   3347 mW      0 mW   1165 mW   1680 mW   1994 mW   3249 mW    320 mW      2 mW      2 mW      0 mW
  06:57:39   8546 mW   2336 mW      0 mW    786 mW   1424 mW   1505 mW   1359 mW    174 mW      0 mW      2 mW      0 mW
  06:57:39   7081 mW   3129 mW      0 mW   1248 mW   1664 mW   1944 mW   1218 mW    324 mW      2 mW      2 mW      0 mW
  06:57:40   8140 mW   3312 mW      0 mW   1189 mW   1670 mW   1851 mW   1154 mW    325 mW      2 mW      2 mW      0 mW
  06:57:40   3080 mW   3190 mW      0 mW   1021 mW   1238 mW   1436 mW    683 mW    305 mW      2 mW      2 mW      0 mW
  06:57:41    335 mW   2610 mW      0 mW    831 mW    984 mW   1247 mW     35 mW    300 mW      2 mW      0 mW      0 mW
  06:57:41  12935 mW   2302 mW      0 mW   1121 mW   1371 mW   1535 mW   1227 mW    300 mW      2 mW      2 mW      0 mW
  06:57:41  40332 mW   2765 mW      0 mW   1888 mW   2454 mW   2379 mW   5370 mW    332 mW      2 mW      5 mW      0 mW
  06:57:42  40399 mW   2883 mW      0 mW   1888 mW   2486 mW   2426 mW   5283 mW    322 mW      2 mW      2 mW      0 mW
  06:57:42  41389 mW   2609 mW      0 mW   1722 mW   2454 mW   2382 mW   5374 mW    249 mW      5 mW      5 mW      0 mW
  06:57:43  40192 mW   2478 mW      0 mW   1662 mW   2390 mW   2302 mW   5249 mW    296 mW      2 mW      5 mW      0 mW
  06:57:43  41598 mW   2584 mW      0 mW   1815 mW   2496 mW   2414 mW   5416 mW    345 mW      5 mW      2 mW      0 mW
  06:57:44  40335 mW   2406 mW      0 mW   1710 mW   2423 mW   2339 mW   5315 mW    342 mW      5 mW      5 mW      0 mW
  06:57:44  41188 mW   2450 mW      0 mW   1698 mW   2440 mW   2358 mW   5401 mW    315 mW      5 mW      5 mW      0 mW
  06:57:44  40036 mW   2344 mW      0 mW   1635 mW   2372 mW   2293 mW   5270 mW    300 mW      2 mW      5 mW      0 mW
  06:57:45  41557 mW   2364 mW      0 mW   1731 mW   2448 mW   2355 mW   5371 mW    346 mW      5 mW      2 mW      0 mW
  06:57:45  37564 mW   3086 mW      0 mW   2011 mW   2542 mW   2521 mW   5226 mW    352 mW      5 mW      5 mW      0 mW
  06:57:46    737 mW   2316 mW      0 mW    903 mW   1153 mW   1283 mW    110 mW    337 mW      2 mW      4 mW      0 mW
  06:57:46    336 mW   1941 mW      0 mW    638 mW    785 mW    981 mW     38 mW    284 mW      5 mW      5 mW      0 mW
  06:57:47  37277 mW   2200 mW      0 mW   2732 mW   2349 mW   2590 mW   4329 mW    344 mW      5 mW      2 mW      0 mW
  06:57:47  49842 mW   2931 mW      0 mW   3735 mW   3165 mW   3426 mW   6469 mW    351 mW      5 mW      5 mW      0 mW
  06:57:48  47979 mW   2275 mW      0 mW   3469 mW   2932 mW   3215 mW   6154 mW    333 mW      2 mW      5 mW      0 mW
  06:57:48  47929 mW   2003 mW      0 mW   3418 mW   2969 mW   3243 mW   6356 mW    310 mW      5 mW      5 mW      0 mW
  06:57:48  50130 mW   2267 mW      0 mW   3665 mW   3059 mW   3364 mW   6368 mW    353 mW      5 mW      2 mW      0 mW
  06:57:49  49662 mW   2309 mW      0 mW   3640 mW   3055 mW   3349 mW   6348 mW    345 mW      5 mW      5 mW      0 mW
  06:57:49  43860 mW   2297 mW      0 mW   3557 mW   2964 mW   3264 mW   6061 mW    340 mW      2 mW      5 mW      0 mW
  06:57:50  40627 mW   2051 mW      0 mW   3334 mW   2912 mW   3213 mW   6204 mW    216 mW      5 mW      2 mW      0 mW
  06:57:50  37549 mW   3044 mW      0 mW   3547 mW   3051 mW   3312 mW   6043 mW    352 mW      5 mW      5 mW      0 mW
  06:57:51  27498 mW   3730 mW      0 mW   3327 mW   2902 mW   3005 mW   5297 mW    335 mW      4 mW      4 mW      0 mW
  06:57:51  28189 mW   2043 mW      0 mW   3188 mW   2769 mW   2983 mW   5513 mW    346 mW      2 mW      4 mW      0 mW
  06:57:51  19323 mW   2022 mW      0 mW   2633 mW   2354 mW   2577 mW   4166 mW    330 mW      4 mW      4 mW      0 mW
  06:57:52    844 mW   1695 mW      0 mW    795 mW   1081 mW   1199 mW    123 mW    334 mW      4 mW      2 mW      0 mW
  06:57:52    624 mW   1831 mW      0 mW    771 mW    857 mW    908 mW     58 mW    328 mW      4 mW      4 mW      0 mW
  06:57:53   1980 mW   4498 mW      0 mW   1222 mW   1500 mW   2027 mW    147 mW    364 mW      5 mW      5 mW      0 mW
  06:57:53   1098 mW   4053 mW      0 mW   1008 mW   1390 mW   1794 mW    110 mW    340 mW      2 mW      4 mW      0 mW
  06:57:54    716 mW   2048 mW      0 mW    981 mW   1140 mW   1351 mW     65 mW    334 mW      4 mW      4 mW      0 mW
  06:57:54    615 mW   1872 mW      0 mW    778 mW    945 mW   1042 mW     59 mW    352 mW      5 mW      2 mW      0 mW
  06:57:55   1741 mW   4259 mW      0 mW   1030 mW   1409 mW   1941 mW    133 mW    346 mW      5 mW      5 mW      0 mW
  06:57:55    600 mW   3053 mW      0 mW    691 mW   1086 mW   1429 mW     64 mW    208 mW      4 mW      4 mW      0 mW
  06:57:56    633 mW   3333 mW      0 mW    957 mW   1111 mW   1245 mW     56 mW    338 mW      2 mW      4 mW      0 mW
  06:57:56    814 mW   2153 mW      0 mW    910 mW   1101 mW   1226 mW     72 mW    353 mW      5 mW      2 mW      0 mW
  06:57:56   1810 mW   5062 mW      0 mW   1079 mW   1493 mW   2027 mW    130 mW    351 mW      5 mW      5 mW      0 mW
  06:57:57    691 mW   3470 mW      0 mW    768 mW   1133 mW   1434 mW     85 mW    319 mW      4 mW      4 mW      0 mW
  06:57:57    526 mW   2024 mW      0 mW    765 mW    998 mW    951 mW     51 mW    356 mW      4 mW      4 mW      0 mW
  06:57:58    699 mW   2595 mW      0 mW    827 mW    913 mW   1179 mW     67 mW    357 mW      2 mW      5 mW      0 mW
  06:57:58   1384 mW   6053 mW      0 mW   1287 mW   1660 mW   2152 mW    124 mW    347 mW      5 mW      2 mW      0 mW
  06:57:59    642 mW   3282 mW      0 mW    861 mW   1134 mW   1394 mW     74 mW    271 mW      4 mW      4 mW      0 mW
  06:57:59    778 mW   3739 mW      0 mW   1219 mW   1356 mW   1618 mW     71 mW    336 mW      4 mW      4 mW      0 mW
  06:58:00   1212 mW   3523 mW      0 mW   1322 mW   1471 mW   1904 mW    105 mW    375 mW      2 mW      5 mW      0 mW
  06:58:00   2141 mW   7280 mW      0 mW   1296 mW   1685 mW   2122 mW    200 mW    343 mW      5 mW      2 mW      0 mW
  06:58:00    559 mW   3865 mW      0 mW    870 mW   1175 mW   1424 mW     87 mW    316 mW      4 mW      4 mW      0 mW
  06:58:01    571 mW   1972 mW      0 mW    699 mW    845 mW    911 mW     50 mW    301 mW      4 mW      4 mW      0 mW
  06:58:01    923 mW   2970 mW      0 mW   1113 mW   1311 mW   1819 mW     89 mW    367 mW      2 mW      5 mW      0 mW
  06:58:02   3029 mW   5027 mW      0 mW   1265 mW   1644 mW   2125 mW    321 mW    349 mW      5 mW      5 mW      0 mW
  06:58:02   1968 mW   4580 mW      0 mW   1052 mW   1535 mW   2030 mW    299 mW    303 mW      5 mW      2 mW      0 mW
  06:58:03    515 mW   1997 mW      0 mW    651 mW    914 mW   1030 mW     46 mW    272 mW      4 mW      4 mW      0 mW
  06:58:03    551 mW   1834 mW      0 mW    697 mW    830 mW    908 mW     58 mW    349 mW      2 mW      4 mW      0 mW
  06:58:03   4903 mW   3814 mW      0 mW   1000 mW   1381 mW   1748 mW    544 mW    351 mW      5 mW      5 mW      0 mW
  06:58:04   4037 mW   3962 mW      0 mW    968 mW   1581 mW   1986 mW    585 mW    306 mW      5 mW      2 mW      0 mW
  06:58:04   2222 mW   3250 mW      0 mW    850 mW   1357 mW   1671 mW    385 mW    284 mW      5 mW      5 mW      0 mW
  06:58:05    556 mW   1865 mW      0 mW    694 mW    841 mW    846 mW     53 mW    319 mW      2 mW      4 mW      0 mW
  06:58:05    609 mW   1708 mW      0 mW    657 mW    768 mW    836 mW     59 mW    353 mW      5 mW      5 mW      0 mW
  06:58:06   1773 mW   4272 mW      0 mW    955 mW   1392 mW   1847 mW    143 mW    334 mW      5 mW      2 mW      0 mW
  06:58:06   1269 mW   3782 mW      0 mW    848 mW   1346 mW   1756 mW    131 mW    281 mW      5 mW      5 mW      0 mW
  06:58:07    489 mW   1683 mW      0 mW    600 mW    820 mW    846 mW     45 mW    300 mW      2 mW      4 mW      0 mW
  06:58:07    630 mW   1705 mW      0 mW    680 mW    841 mW    859 mW     58 mW    347 mW      4 mW      4 mW      0 mW
  06:58:07   1667 mW   4274 mW      0 mW    996 mW   1446 mW   1883 mW    146 mW    337 mW      5 mW      2 mW      0 mW
  06:58:08    895 mW   3372 mW      0 mW    761 mW   1280 mW   1664 mW    106 mW    276 mW      4 mW      4 mW      0 mW
  06:58:08    499 mW   1557 mW      0 mW    591 mW    849 mW    832 mW     44 mW    294 mW      4 mW      4 mW      0 mW
  06:58:09    612 mW   1535 mW      0 mW    608 mW    788 mW    743 mW     52 mW    344 mW      5 mW      5 mW      0 mW
  06:58:09   1836 mW   4116 mW      0 mW   1032 mW   1503 mW   1880 mW    159 mW    308 mW      2 mW      5 mW      0 mW
  06:58:10   1065 mW   3211 mW      0 mW    716 mW   1200 mW   1541 mW    121 mW    263 mW      4 mW      2 mW      0 mW
  06:58:10    511 mW   1461 mW      0 mW    622 mW    923 mW    970 mW     44 mW    314 mW      4 mW      4 mW      0 mW
  06:58:11    657 mW   1772 mW      0 mW    678 mW    820 mW    787 mW     58 mW    367 mW      5 mW      5 mW      0 mW
  06:58:11   2146 mW   4080 mW      0 mW    910 mW   1436 mW   1949 mW    198 mW    336 mW      5 mW      5 mW      0 mW
  06:58:11   1255 mW   3362 mW      0 mW    755 mW   1264 mW   1656 mW    170 mW    261 mW      2 mW      4 mW      0 mW
  06:58:12    531 mW   1578 mW      0 mW    553 mW    773 mW    721 mW     45 mW    327 mW      4 mW      2 mW      0 mW
  06:58:12    646 mW   1475 mW      0 mW    583 mW    728 mW    772 mW     53 mW    328 mW      4 mW      4 mW      0 mW
  06:58:13   3470 mW   2989 mW      0 mW    882 mW   1488 mW   1873 mW    342 mW    351 mW      5 mW      5 mW      0 mW
  06:58:13   4421 mW   3733 mW      0 mW    856 mW   1460 mW   1904 mW    500 mW    295 mW      5 mW      5 mW      0 mW
  06:58:14    596 mW   1992 mW      0 mW    592 mW    905 mW    963 mW    112 mW    317 mW      2 mW      4 mW      0 mW
  06:58:14    554 mW   1583 mW      0 mW    637 mW    790 mW    816 mW     51 mW    354 mW      4 mW      4 mW      0 mW
  06:58:15   5278 mW   2450 mW      0 mW    749 mW   1305 mW   1460 mW    564 mW    316 mW      5 mW      2 mW      0 mW
  06:58:15   7157 mW   2783 mW      0 mW    843 mW   1515 mW   1813 mW    925 mW    288 mW      5 mW      5 mW      0 mW
  06:58:16   8091 mW   2924 mW      0 mW    924 mW   1525 mW   1829 mW   1018 mW    327 mW      5 mW      5 mW      0 mW
  06:58:16   5543 mW   2901 mW      0 mW    880 mW   1460 mW   1731 mW    830 mW    349 mW      2 mW      5 mW      0 mW
  06:58:16    315 mW   1365 mW      0 mW    443 mW    617 mW    657 mW     32 mW    255 mW      4 mW      2 mW      0 mW
  06:58:17    787 mW   1297 mW      0 mW    540 mW    864 mW    838 mW     44 mW    276 mW      4 mW      4 mW      0 mW
  06:58:17  15251 mW   2270 mW      0 mW   1232 mW   1795 mW   1860 mW   2230 mW    369 mW      5 mW      5 mW      0 mW
  06:58:18  16758 mW   3147 mW      0 mW   1420 mW   1854 mW   2145 mW   2973 mW    341 mW      5 mW      5 mW      0 mW
  06:58:18  15131 mW   2677 mW      0 mW   1196 mW   1740 mW   1931 mW   2445 mW    348 mW      2 mW      5 mW      0 mW
  06:58:19  15772 mW   3172 mW      0 mW   1299 mW   1815 mW   2049 mW   2626 mW    349 mW      5 mW      2 mW      0 mW
  06:58:19  15095 mW   2862 mW      0 mW   1325 mW   1817 mW   2014 mW   2453 mW    350 mW      5 mW      5 mW      0 mW
  06:58:20  12357 mW   2739 mW      0 mW   1172 mW   1595 mW   1840 mW   2527 mW    318 mW      4 mW      4 mW      0 mW
  06:58:20    444 mW   1862 mW      0 mW    725 mW   1000 mW   1084 mW     48 mW    339 mW      2 mW      4 mW      0 mW
  06:58:20    366 mW   1412 mW      0 mW    468 mW    720 mW    689 mW     29 mW    244 mW      5 mW      5 mW      0 mW
  06:58:21   5954 mW   3345 mW      0 mW   5740 mW   2764 mW   4048 mW   1063 mW    355 mW      5 mW      2 mW      0 mW
  06:58:21   7594 mW   3037 mW      0 mW   8593 mW   3677 mW   5575 mW   1835 mW    332 mW      4 mW      4 mW      0 mW
  06:58:22   9061 mW   2779 mW      0 mW   9786 mW   4122 mW   6305 mW   2223 mW    351 mW      2 mW      5 mW      0 mW
  06:58:22   8153 mW   2371 mW      0 mW   8092 mW   3509 mW   5270 mW   1832 mW    256 mW      5 mW      2 mW      0 mW
  06:58:23   7368 mW   3011 mW      0 mW   8102 mW   3593 mW   5296 mW   1631 mW    348 mW      5 mW      5 mW      0 mW
  06:58:23   1524 mW   2316 mW      0 mW   2185 mW   1476 mW   1797 mW    504 mW    329 mW      4 mW      4 mW      0 mW
  06:58:24    610 mW   1826 mW      0 mW    761 mW    850 mW    955 mW     59 mW    344 mW      2 mW      4 mW      0 mW
  06:58:24   2811 mW   3292 mW      0 mW   4060 mW   2275 mW   3362 mW    714 mW    362 mW      5 mW      5 mW      0 mW
  06:58:24   5343 mW   3009 mW      0 mW  10262 mW   4539 mW   6842 mW   2084 mW    339 mW      5 mW      2 mW      0 mW
  06:58:25   6123 mW   2716 mW      0 mW  10867 mW   4745 mW   7249 mW   2317 mW    352 mW      5 mW      5 mW      0 mW
  06:58:25   9740 mW   2441 mW      0 mW  11791 mW   4991 mW   7852 mW   3450 mW    344 mW      2 mW      5 mW      0 mW
  06:58:26  10422 mW   2865 mW      0 mW  11923 mW   5083 mW   7943 mW   3492 mW    351 mW      5 mW      2 mW      0 mW
  06:58:26  10373 mW   2716 mW      0 mW  11839 mW   5035 mW   7873 mW   3471 mW    346 mW      5 mW      5 mW      0 mW
  06:58:27   9144 mW   2989 mW      0 mW  11851 mW   5060 mW   7893 mW   3469 mW    347 mW      5 mW      5 mW      0 mW
  06:58:27    601 mW   2210 mW      0 mW   1160 mW   1146 mW   1295 mW    196 mW    331 mW      2 mW      4 mW      0 mW
  06:58:28    277 mW   1612 mW      0 mW    559 mW    669 mW    883 mW     26 mW    283 mW      4 mW      4 mW      0 mW
  06:58:28   2931 mW   3118 mW      0 mW   5493 mW   2863 mW   3993 mW    949 mW    363 mW      4 mW      4 mW      0 mW
  06:58:28   5449 mW   3082 mW      0 mW  11615 mW   5009 mW   7726 mW   2585 mW    366 mW      5 mW      2 mW      0 mW
  06:58:29   4832 mW   3802 mW      0 mW  11085 mW   4831 mW   7406 mW   2289 mW    345 mW      5 mW      5 mW      0 mW
  06:58:29   4464 mW   5872 mW      0 mW  10078 mW   4657 mW   6710 mW   2038 mW    317 mW      2 mW      5 mW      0 mW
  06:58:30   4670 mW   3078 mW      0 mW   9676 mW   4400 mW   6392 mW   2072 mW    296 mW      4 mW      4 mW      0 mW
  06:58:30   5049 mW   3454 mW      0 mW  10734 mW   4838 mW   7095 mW   2414 mW    183 mW      5 mW      2 mW      0 mW
  06:58:31   4859 mW   2147 mW      0 mW   9647 mW   4320 mW   6400 mW   2106 mW    261 mW      5 mW      5 mW      0 mW
  06:58:31    790 mW   1561 mW      0 mW   3025 mW   1595 mW   2112 mW    720 mW    267 mW      4 mW      4 mW      0 mW
  06:58:32     35 mW   1192 mW      0 mW    308 mW    591 mW    567 mW      4 mW    261 mW      2 mW      4 mW      0 mW
  06:58:32     36 mW   1366 mW      0 mW    394 mW    664 mW    708 mW      4 mW    335 mW      4 mW      4 mW      0 mW
  06:58:32     39 mW   1212 mW      0 mW    306 mW    617 mW    572 mW      4 mW    306 mW      4 mW      2 mW      0 mW
  06:58:33     50 mW   1252 mW      0 mW    361 mW    617 mW    619 mW      6 mW    321 mW      4 mW      4 mW      0 mW
  06:58:33     40 mW   1189 mW      0 mW    305 mW    588 mW    517 mW      4 mW    318 mW      4 mW      4 mW      0 mW
