loaded 017: 34 cells
loaded 016 (naive baseline 20260429T213959): 247 cells

==================================================================================================================================
Per-shape MPS p50 + naive baseline + ratio
==================================================================================================================================
cell sweep       shape              trials    MPS p50    CV%   MPS ps/F MPS TFLOP/s  naive slope  naive N=1   r_slope   r_N=1
----------------------------------------------------------------------------------------------------------------------------------
   0 square      8x8x8                5000   10.21 µs  134.2   9968.750       0.000        71 ns    7.25 µs     0.01×   0.71×
   1 square      12x12x12             5000    5.17 µs  128.6   1495.081       0.001        91 ns    8.38 µs     0.02×   1.62×
   2 square      16x16x16             5000    5.88 µs  101.6    717.163       0.001       179 ns    8.33 µs     0.03×   1.42×
   3 square      24x24x24             5000    8.29 µs   66.9    299.913       0.003       281 ns    9.62 µs     0.03×   1.16×
   4 square      32x32x32             5000    7.67 µs   78.5    116.989       0.009       463 ns   10.96 µs     0.06×   1.43×
   5 square      48x48x48             5000   11.75 µs   67.6     53.123       0.019       699 ns   12.04 µs     0.06×   1.02×
   6 square      64x64x64             5000   19.38 µs   74.9     36.955       0.027       690 ns   14.67 µs     0.04×   0.76×
   7 square      96x96x96             5000   26.08 µs   84.0     14.741       0.068      1.32 µs   15.83 µs     0.05×   0.61×
   8 square      128x128x128          5000   28.25 µs   69.8      6.735       0.148      1.90 µs   23.08 µs     0.07×   0.82×
   9 square      192x192x192          5000   37.25 µs   82.5      2.631       0.380      6.73 µs   41.83 µs     0.18×   1.12×
  10 square      256x256x256          5000   45.79 µs   62.9      1.365       0.733     15.68 µs   34.29 µs     0.34×   0.75×
  11 square      384x384x384          5000   92.42 µs   61.8      0.816       1.225     58.60 µs   62.58 µs     0.63×   0.68×
  12 square      512x512x512          5000   62.38 µs   60.6      0.232       4.304    144.46 µs  144.67 µs     2.32×   2.32×
  13 square      768x768x768          5000  234.17 µs   52.6      0.258       3.869    453.86 µs  497.62 µs     1.94×   2.13×
  14 square      1024x1024x1024       5000  275.62 µs   45.7      0.128       7.791     1.286 ms   1.085 ms     4.66×   3.94×
  15 square      1536x1536x1536       5000  676.25 µs    2.1      0.093      10.718     4.972 ms   4.290 ms     7.35×   6.34×
  16 square      2048x2048x2048       2637   1.609 ms    8.8      0.094      10.677    14.885 ms  13.150 ms     9.25×   8.17×
  17 ksweep_128  128x128x2            5000   11.54 µs  244.0    176.117       0.006        15 ns    7.62 µs     0.00×   0.66×
  18 ksweep_128  128x128x4            5000   11.62 µs  118.5     88.692       0.011        43 ns    4.04 µs     0.00×   0.35×
  19 ksweep_128  128x128x16           5000   12.46 µs  122.1     23.762       0.042       268 ns    5.42 µs     0.02×   0.43×
  20 ksweep_128  128x128x64           5000   13.50 µs  105.5      6.437       0.155      1.19 µs   15.12 µs     0.09×   1.12×
  21 ksweep_128  128x128x256          5000   26.38 µs   81.6      3.144       0.318      3.64 µs   38.04 µs     0.14×   1.44×
  22 ksweep_128  128x128x1024         5000   44.50 µs   68.0      1.326       0.754     24.09 µs   36.79 µs     0.54×   0.83×
  23 ksweep_128  128x128x4096         5000   39.25 µs   67.5      0.292       3.420     93.49 µs  137.12 µs     2.38×   3.49×
  24 ksweep_512  512x512x2            5000   16.83 µs   97.0     16.053       0.062       155 ns    8.04 µs     0.01×   0.48×
  25 ksweep_512  512x512x4            5000   16.62 µs  108.7      7.927       0.126       453 ns   15.00 µs     0.03×   0.90×
  26 ksweep_512  512x512x16           5000   19.54 µs   91.8      2.330       0.429      3.39 µs   28.04 µs     0.17×   1.43×
  27 ksweep_512  512x512x64           5000   30.04 µs   78.3      0.895       1.117     13.80 µs   29.79 µs     0.46×   0.99×
  28 ksweep_512  512x512x256          5000   29.38 µs   71.7      0.219       4.569     58.65 µs   73.54 µs     2.00×   2.50×
  29 ksweep_512  512x512x1024         5000   79.12 µs   69.2      0.147       6.785    280.30 µs  290.33 µs     3.54×   3.67×
  30 ksweep_512  512x512x4096         5000  316.17 µs   32.7      0.147       6.792     1.205 ms   1.034 ms     3.81×   3.27×
  33 membound    2x8192x4096          5000  365.33 µs   23.7      2.722       0.367    524.43 µs  362.42 µs     1.44×   0.99×
  31 membound    8x4096x4096          5000  215.42 µs   34.5      0.802       1.246    334.56 µs  342.42 µs     1.55×   1.59×
  32 membound    4x8192x4096          5000  357.92 µs   18.9      1.333       0.750    715.35 µs  437.79 µs     2.00×   1.22×

====================================================================================================
SQUARE DIAGONAL: M=N=K (cache-fit ceiling probe)
====================================================================================================
           shape     MPS p50   TFLOP/s  naive slope   r_slope     r_N=1
             8^3    10.21 µs     0.000        71 ns     0.01×     0.71×
            12^3     5.17 µs     0.001        91 ns     0.02×     1.62×
            16^3     5.88 µs     0.001       179 ns     0.03×     1.42×
            24^3     8.29 µs     0.003       281 ns     0.03×     1.16×
            32^3     7.67 µs     0.009       463 ns     0.06×     1.43×
            48^3    11.75 µs     0.019       699 ns     0.06×     1.02×
            64^3    19.38 µs     0.027       690 ns     0.04×     0.76×
            96^3    26.08 µs     0.068      1.32 µs     0.05×     0.61×
           128^3    28.25 µs     0.148      1.90 µs     0.07×     0.82×
           192^3    37.25 µs     0.380      6.73 µs     0.18×     1.12×
           256^3    45.79 µs     0.733     15.68 µs     0.34×     0.75×
           384^3    92.42 µs     1.225     58.60 µs     0.63×     0.68×
           512^3    62.38 µs     4.304    144.46 µs     2.32×     2.32×
           768^3   234.17 µs     3.869    453.86 µs     1.94×     2.13×
          1024^3   275.62 µs     7.791     1.286 ms     4.66×     3.94×
          1536^3   676.25 µs    10.718     4.972 ms     7.35×     6.34×
          2048^3    1.609 ms    10.677    14.885 ms     9.25×     8.17×

====================================================================================================
K-SWEEP at M=N=128
====================================================================================================
           shape     MPS p50   TFLOP/s  naive slope   r_slope     r_N=1
             K=2    11.54 µs     0.006        15 ns     0.00×     0.66×
             K=4    11.62 µs     0.011        43 ns     0.00×     0.35×
            K=16    12.46 µs     0.042       268 ns     0.02×     0.43×
            K=64    13.50 µs     0.155      1.19 µs     0.09×     1.12×
           K=256    26.38 µs     0.318      3.64 µs     0.14×     1.44×
          K=1024    44.50 µs     0.754     24.09 µs     0.54×     0.83×
          K=4096    39.25 µs     3.420     93.49 µs     2.38×     3.49×

====================================================================================================
K-SWEEP at M=N=512
====================================================================================================
           shape     MPS p50   TFLOP/s  naive slope   r_slope     r_N=1
             K=2    16.83 µs     0.062       155 ns     0.01×     0.48×
             K=4    16.62 µs     0.126       453 ns     0.03×     0.90×
            K=16    19.54 µs     0.429      3.39 µs     0.17×     1.43×
            K=64    30.04 µs     1.117     13.80 µs     0.46×     0.99×
           K=256    29.38 µs     4.569     58.65 µs     2.00×     2.50×
          K=1024    79.12 µs     6.785    280.30 µs     3.54×     3.67×
          K=4096   316.17 µs     6.792     1.205 ms     3.81×     3.27×

====================================================================================================
MEMORY-BOUND PROBES
====================================================================================================
           shape     MPS p50   TFLOP/s  naive slope   r_slope     r_N=1
     2x8192x4096   365.33 µs     0.367    524.43 µs     1.44×     0.99×
     8x4096x4096   215.42 µs     1.246    334.56 µs     1.55×     1.59×
     4x8192x4096   357.92 µs     0.750    715.35 µs     2.00×     1.22×

====================================================================================================
Pre-registered verdicts
====================================================================================================

  Per-shape stability: 4/34 shapes with CV < 30%; 34/34 shapes with ≥ 100 trials
  -> methodology verdict: MARGINAL

  016 compute-plateau ratios (naive slope / MPS p50):
    128^3:  ratio=0.07×  (naive 1900 ns / MPS 28250 ns)
    192^3:  ratio=0.18×  (naive 6727 ns / MPS 37250 ns)
    256^3:  ratio=0.34×  (naive 15675 ns / MPS 45792 ns)
    384^3:  ratio=0.63×  (naive 58597 ns / MPS 92417 ns)
    512^3:  ratio=2.32×  (naive 144461 ns / MPS 62375 ns)
    768^3:  ratio=1.94×  (naive 453864 ns / MPS 234167 ns)
  median=0.49×  min=0.07×  max=2.32×  range across 34 shapes=7349.46×
  -> gap verdict: NARROW GAP (plateau median ratio 0.49×)

  MPS peak TFLOP/s on large squares (M ≥ 1024): 10.72 (38.3 % of 28.0 TFLOP/s fp32 peak)
  -> MPS absolute verdict: MID

====================================================================================================
Headline
====================================================================================================
  methodology:    MARGINAL
  gap on 016 plateau: NARROW GAP
  MPS plateau:    MID

  reference: naive matmul plateau (016) = ~2 TFLOP/s on M=N=K ∈ [128, 768]
  with-overhead (apples-to-apples) ratio at plateau: median 0.97×
