# IOReport telemetry  interval=250ms  csv=/Users/vanreece/dev/metal_ml_lab/experiments/017-mps-gemm-ceiling/raw/20260505T165356.csv  states_csv=/Users/vanreece/dev/metal_ml_lab/experiments/017-mps-gemm-ceiling/raw/20260505T165356-states.csv
# Ctrl-C to stop
# time        gpu mW    cpu mW    ane mW   dram mW   amcc mW    dcs mW    afr mW   disp mW    isp mW    ave mW  gpu_sram mW
  16:53:57    192 mW    683 mW      0 mW    404 mW    602 mW    713 mW     12 mW    429 mW      2 mW      2 mW      0 mW
  16:53:57    212 mW   1684 mW      0 mW    538 mW    842 mW   1090 mW     12 mW    462 mW      2 mW      0 mW      0 mW
  16:53:58    171 mW   1713 mW      0 mW    514 mW    839 mW   1040 mW      9 mW    443 mW      2 mW      2 mW      0 mW
  16:53:58    158 mW   1819 mW      0 mW    535 mW    816 mW   1017 mW     12 mW    451 mW      2 mW      2 mW      0 mW
  16:53:59    226 mW   2291 mW      0 mW    621 mW    944 mW   1191 mW     13 mW    433 mW      2 mW      2 mW      0 mW
  16:53:59    160 mW   3695 mW      0 mW    667 mW    974 mW   1301 mW      9 mW    474 mW      2 mW      2 mW      0 mW
  16:54:00    191 mW   2571 mW      0 mW    566 mW    816 mW   1060 mW     11 mW    432 mW      2 mW      2 mW      0 mW
  16:54:00   1261 mW   6379 mW      0 mW    917 mW   1431 mW   1902 mW     82 mW    480 mW      2 mW      2 mW      0 mW
  16:54:01    575 mW   3807 mW      0 mW    693 mW   1071 mW   1482 mW     56 mW    426 mW      0 mW      2 mW      0 mW
  16:54:01    327 mW   2836 mW      0 mW    746 mW   1068 mW   1339 mW     19 mW    513 mW      2 mW      2 mW      0 mW
  16:54:01    222 mW   2057 mW      0 mW    544 mW    835 mW   1104 mW     12 mW    491 mW      2 mW      0 mW      0 mW
  16:54:02   1200 mW   5076 mW      0 mW    783 mW   1350 mW   1790 mW     92 mW    432 mW      2 mW      2 mW      0 mW
  16:54:02    416 mW   3242 mW      0 mW    611 mW    938 mW   1269 mW     39 mW    435 mW      2 mW      2 mW      0 mW
  16:54:03    215 mW   1761 mW      0 mW    548 mW    810 mW   1100 mW     11 mW    463 mW      2 mW      2 mW      0 mW
  16:54:03    797 mW   3200 mW      0 mW    715 mW   1166 mW   1487 mW     56 mW    449 mW      2 mW      2 mW      0 mW
  16:54:04   1686 mW   4618 mW      0 mW    729 mW   1297 mW   1856 mW    126 mW    447 mW      2 mW      2 mW      0 mW
  16:54:04     94 mW   2438 mW      0 mW    448 mW    730 mW    931 mW     18 mW    428 mW      0 mW      2 mW      0 mW
  16:54:05    105 mW   1519 mW      0 mW    403 mW    620 mW    822 mW      4 mW    432 mW      2 mW      2 mW      0 mW
  16:54:05   1056 mW   3192 mW      0 mW    695 mW   1172 mW   1622 mW     73 mW    473 mW      2 mW      2 mW      0 mW
  16:54:05   1091 mW   4157 mW      0 mW    659 mW   1232 mW   1793 mW     97 mW    478 mW      2 mW      0 mW      0 mW
  16:54:06     38 mW   1300 mW      0 mW    307 mW    534 mW    659 mW      2 mW    429 mW      2 mW      2 mW      0 mW
  16:54:06     34 mW   1179 mW      0 mW    331 mW    538 mW    666 mW      2 mW    496 mW      2 mW      2 mW      0 mW
  16:54:07    878 mW   2959 mW      0 mW    546 mW   1064 mW   1517 mW     63 mW    442 mW      2 mW      2 mW      0 mW
  16:54:07    743 mW   3378 mW      0 mW    546 mW    987 mW   1431 mW     73 mW    451 mW      2 mW      2 mW      0 mW
  16:54:08     52 mW   1148 mW      0 mW    293 mW    504 mW    608 mW      2 mW    419 mW      2 mW      2 mW      0 mW
  16:54:08     73 mW   1101 mW      0 mW    303 mW    571 mW    602 mW      4 mW    461 mW      2 mW      2 mW      0 mW
  16:54:09   1114 mW   3658 mW      0 mW    645 mW   1256 mW   1830 mW     84 mW    463 mW      2 mW      2 mW      0 mW
  16:54:09    423 mW   2788 mW      0 mW    458 mW    830 mW   1169 mW     50 mW    426 mW      0 mW      2 mW      0 mW
  16:54:10     63 mW   1119 mW      0 mW    291 mW    502 mW    565 mW      2 mW    454 mW      2 mW      2 mW      0 mW
  16:54:10    262 mW   1286 mW      0 mW    318 mW    593 mW    646 mW     16 mW    438 mW      2 mW      2 mW      0 mW
  16:54:10   1617 mW   4072 mW      0 mW    644 mW   1268 mW   1848 mW    131 mW    459 mW      2 mW      0 mW      0 mW
  16:54:11    242 mW   2443 mW      0 mW    387 mW    641 mW    831 mW     32 mW    417 mW      2 mW      2 mW      0 mW
  16:54:11      0 mW   1072 mW      0 mW    280 mW    492 mW    575 mW      0 mW    448 mW      2 mW      2 mW      0 mW
  16:54:12    728 mW   1912 mW      0 mW    459 mW    875 mW   1181 mW     53 mW    456 mW      2 mW      2 mW      0 mW
  16:54:12   1707 mW   4101 mW      0 mW    656 mW   1298 mW   1892 mW    148 mW    471 mW      2 mW      2 mW      0 mW
  16:54:13     81 mW   1865 mW      0 mW    332 mW    577 mW    790 mW     19 mW    402 mW      2 mW      2 mW      0 mW
  16:54:13     47 mW   1110 mW      0 mW    319 mW    572 mW    665 mW      4 mW    443 mW      2 mW      2 mW      0 mW
  16:54:14    922 mW   2488 mW      0 mW    517 mW   1035 mW   1466 mW     75 mW    460 mW      2 mW      2 mW      0 mW
  16:54:14   1352 mW   3734 mW      0 mW    603 mW   1153 mW   1652 mW    136 mW    440 mW      2 mW      2 mW      0 mW
  16:54:15     51 mW   1163 mW      0 mW    318 mW    535 mW    705 mW      2 mW    447 mW      0 mW      2 mW      0 mW
  16:54:15     18 mW   1056 mW      0 mW    257 mW    484 mW    519 mW      0 mW    447 mW      2 mW      2 mW      0 mW
  16:54:15   1344 mW   3068 mW      0 mW    585 mW   1151 mW   1586 mW    113 mW    442 mW      2 mW      2 mW      0 mW
  16:54:16   1096 mW   3345 mW      0 mW    568 mW   1067 mW   1517 mW    136 mW    455 mW      2 mW      0 mW      0 mW
  16:54:16     35 mW   1125 mW      0 mW    302 mW    532 mW    661 mW      2 mW    434 mW      2 mW      2 mW      0 mW
  16:54:17    110 mW   1110 mW      0 mW    302 mW    527 mW    594 mW      4 mW    459 mW      2 mW      2 mW      0 mW
  16:54:17   1723 mW   2919 mW      0 mW    568 mW   1203 mW   1616 mW    166 mW    447 mW      2 mW      2 mW      0 mW
  16:54:18   1658 mW   3395 mW      0 mW    589 mW   1084 mW   1516 mW    198 mW    476 mW      2 mW      2 mW      0 mW
  16:54:18     53 mW   1249 mW      0 mW    334 mW    588 mW    676 mW      2 mW    458 mW      2 mW      2 mW      0 mW
  16:54:19    118 mW   1119 mW      0 mW    300 mW    532 mW    638 mW      2 mW    449 mW      2 mW      2 mW      0 mW
  16:54:19   2674 mW   2793 mW      0 mW    615 mW   1260 mW   1612 mW    303 mW    445 mW      2 mW      2 mW      0 mW
  16:54:20   3912 mW   3693 mW      0 mW    650 mW   1298 mW   1782 mW    533 mW    441 mW      0 mW      2 mW      0 mW
  16:54:20     56 mW   1631 mW      0 mW    332 mW    657 mW    666 mW     20 mW    435 mW      2 mW      2 mW      0 mW
  16:54:20     12 mW   1103 mW      0 mW    280 mW    493 mW    528 mW      2 mW    446 mW      2 mW      0 mW      0 mW
  16:54:21   5226 mW   2298 mW      0 mW    566 mW   1199 mW   1541 mW    571 mW    463 mW      2 mW      2 mW      0 mW
  16:54:21   6419 mW   3329 mW      0 mW    606 mW   1314 mW   1764 mW    857 mW    441 mW      2 mW      2 mW      0 mW
  16:54:22   1759 mW   2461 mW      0 mW    418 mW    771 mW   1006 mW    312 mW    418 mW      2 mW      2 mW      0 mW
  16:54:22     66 mW   1122 mW      0 mW    314 mW    568 mW    656 mW      2 mW    453 mW      2 mW      2 mW      0 mW
  16:54:23   1539 mW   1213 mW      0 mW    329 mW    708 mW    665 mW    115 mW    468 mW      2 mW      2 mW      0 mW
  16:54:23  12377 mW   2476 mW      0 mW    603 mW   1369 mW   1717 mW   1616 mW    445 mW      0 mW      2 mW      0 mW
  16:54:24  13873 mW   2744 mW      0 mW    663 mW   1379 mW   1756 mW   1803 mW    436 mW      2 mW      2 mW      0 mW
  16:54:24  12546 mW   2709 mW      0 mW    661 mW   1384 mW   1742 mW   1659 mW    443 mW      2 mW      0 mW      0 mW
  16:54:24   2027 mW   1784 mW      0 mW    315 mW    582 mW    696 mW    406 mW    404 mW      2 mW      2 mW      0 mW
  16:54:25     28 mW   1085 mW      0 mW    336 mW    578 mW    548 mW      2 mW    448 mW      2 mW      2 mW      0 mW
  16:54:25  14288 mW   1496 mW      0 mW    618 mW   1184 mW   1471 mW   1683 mW    455 mW      2 mW      2 mW      0 mW
  16:54:26  27508 mW   2515 mW      0 mW    878 mW   1573 mW   1988 mW   3525 mW    472 mW      2 mW      2 mW      0 mW
  16:54:26  24192 mW   2306 mW      0 mW    785 mW   1404 mW   1774 mW   3148 mW    424 mW      2 mW      2 mW      0 mW
  16:54:27  25205 mW   2821 mW      0 mW    899 mW   1537 mW   1932 mW   3349 mW    451 mW      2 mW      2 mW      0 mW
  16:54:27  16036 mW   2351 mW      0 mW    728 mW   1251 mW   1592 mW   2548 mW    416 mW      0 mW      2 mW      0 mW
  16:54:28     53 mW   1021 mW      0 mW    284 mW    486 mW    575 mW      4 mW    432 mW      2 mW      2 mW      0 mW
  16:54:28   1762 mW    982 mW      0 mW    271 mW    469 mW    534 mW      2 mW    455 mW      2 mW      2 mW      0 mW
  16:54:28  39027 mW   1292 mW      0 mW   1067 mW   2120 mW   1979 mW   5208 mW    466 mW      2 mW      2 mW      0 mW
  16:54:29  37992 mW   1809 mW      0 mW   1544 mW   2186 mW   2234 mW   5128 mW    436 mW      2 mW      2 mW      0 mW
  16:54:29  37973 mW   1824 mW      0 mW   1602 mW   2242 mW   2312 mW   5161 mW    440 mW      2 mW      5 mW      0 mW
  16:54:30  38333 mW   1823 mW      0 mW   1612 mW   2245 mW   2313 mW   5177 mW    465 mW      5 mW      5 mW      0 mW
  16:54:30  37901 mW   1711 mW      0 mW   1596 mW   2233 mW   2301 mW   5156 mW    467 mW      5 mW      2 mW      0 mW
  16:54:31  40306 mW   1859 mW      0 mW   1694 mW   2343 mW   2412 mW   5397 mW    491 mW      5 mW      5 mW      0 mW
  16:54:31  36606 mW   1751 mW      0 mW   1554 mW   2156 mW   2214 mW   4954 mW    452 mW      2 mW      5 mW      0 mW
  16:54:32  38246 mW   1731 mW      0 mW   1588 mW   2218 mW   2295 mW   5120 mW    476 mW      5 mW      5 mW      0 mW
  16:54:32  40237 mW   1765 mW      0 mW   1673 mW   2319 mW   2392 mW   5381 mW    493 mW      5 mW      2 mW      0 mW
  16:54:32  38730 mW   1765 mW      0 mW   1612 mW   2237 mW   2307 mW   5195 mW    474 mW      2 mW      5 mW      0 mW
  16:54:33   4386 mW   1472 mW      0 mW    520 mW    799 mW    856 mW    987 mW    452 mW      4 mW      4 mW      0 mW
  16:54:33     43 mW   1014 mW      0 mW    286 mW    543 mW    591 mW      2 mW    463 mW      4 mW      4 mW      0 mW
  16:54:34  29139 mW   1120 mW      0 mW   1926 mW   1944 mW   2221 mW   3453 mW    510 mW      5 mW      2 mW      0 mW
  16:54:34  48750 mW   1712 mW      0 mW   3331 mW   2906 mW   3265 mW   6547 mW    493 mW      5 mW      5 mW      0 mW
  16:54:35  44611 mW   1563 mW      0 mW   3180 mW   2679 mW   3052 mW   5999 mW    453 mW      2 mW      5 mW      0 mW
  16:54:35  48997 mW   2193 mW      0 mW   3555 mW   2974 mW   3364 mW   6534 mW    495 mW      5 mW      5 mW      0 mW
  16:54:35  45118 mW   1429 mW      0 mW   3165 mW   2662 mW   3040 mW   5995 mW    453 mW      5 mW      2 mW      0 mW
  16:54:36  44379 mW   1487 mW      0 mW   3294 mW   2780 mW   3170 mW   6211 mW    476 mW      5 mW      5 mW      0 mW
  16:54:36  39348 mW   1544 mW      0 mW   3246 mW   2743 mW   3151 mW   6077 mW    476 mW      2 mW      5 mW      0 mW
  16:54:37  35293 mW   1503 mW      0 mW   3108 mW   2658 mW   3068 mW   5849 mW    473 mW      5 mW      5 mW      0 mW
  16:54:37  33078 mW   1507 mW      0 mW   3115 mW   2717 mW   3143 mW   5915 mW    498 mW      5 mW      2 mW      0 mW
  16:54:38  29141 mW   1434 mW      0 mW   2797 mW   2458 mW   2842 mW   5343 mW    451 mW      5 mW      5 mW      0 mW
  16:54:38  28823 mW   1472 mW      0 mW   2885 mW   2557 mW   2921 mW   5532 mW    476 mW      2 mW      5 mW      0 mW
  16:54:39  23161 mW   1466 mW      0 mW   2576 mW   2316 mW   2623 mW   4923 mW    471 mW      4 mW      4 mW      0 mW
  16:54:39     71 mW   1012 mW      0 mW    346 mW    598 mW    727 mW      4 mW    454 mW      4 mW      2 mW      0 mW
  16:54:39     54 mW   1094 mW      0 mW    365 mW    586 mW    700 mW      2 mW    512 mW      4 mW      4 mW      0 mW
  16:54:40   1721 mW   3123 mW      0 mW    671 mW   1232 mW   1736 mW    104 mW    465 mW      4 mW      4 mW      0 mW
  16:54:40    988 mW   2676 mW      0 mW    526 mW    921 mW   1278 mW     84 mW    488 mW      2 mW      4 mW      0 mW
  16:54:41      7 mW   1028 mW      0 mW    309 mW    529 mW    590 mW      2 mW    453 mW      4 mW      4 mW      0 mW
  16:54:41    364 mW   1286 mW      0 mW    376 mW    696 mW    691 mW     18 mW    521 mW      5 mW      5 mW      0 mW
  16:54:42   2613 mW   3395 mW      0 mW    665 mW   1255 mW   1791 mW    168 mW    458 mW      4 mW      2 mW      0 mW
  16:54:42    752 mW   2206 mW      0 mW    469 mW    800 mW   1073 mW     65 mW    480 mW      4 mW      4 mW      0 mW
  16:54:43     59 mW   1031 mW      0 mW    318 mW    547 mW    639 mW      4 mW    459 mW      4 mW      4 mW      0 mW
  16:54:43   1055 mW   2043 mW      0 mW    538 mW   1046 mW   1387 mW     60 mW    522 mW      2 mW      5 mW      0 mW
  16:54:44   2641 mW   3546 mW      0 mW    661 mW   1256 mW   1804 mW    179 mW    460 mW      4 mW      4 mW      0 mW
  16:54:44     63 mW   1504 mW      0 mW    372 mW    634 mW    810 mW     15 mW    473 mW      4 mW      4 mW      0 mW
  16:54:44     52 mW   1071 mW      0 mW    327 mW    563 mW    645 mW      4 mW    486 mW      4 mW      2 mW      0 mW
  16:54:45   1821 mW   2652 mW      0 mW    585 mW   1109 mW   1537 mW    114 mW    462 mW      4 mW      4 mW      0 mW
  16:54:45   1721 mW   3152 mW      0 mW    621 mW   1157 mW   1647 mW    140 mW    504 mW      2 mW      5 mW      0 mW
  16:54:46     33 mW   1184 mW      0 mW    369 mW    603 mW    723 mW      4 mW    466 mW      4 mW      4 mW      0 mW
  16:54:46     96 mW   1034 mW      0 mW    305 mW    538 mW    590 mW      2 mW    489 mW      4 mW      4 mW      0 mW
  16:54:47   1893 mW   2958 mW      0 mW    617 mW   1227 mW   1654 mW    149 mW    464 mW      4 mW      2 mW      0 mW
  16:54:47   1511 mW   2779 mW      0 mW    545 mW    969 mW   1370 mW    151 mW    470 mW      4 mW      4 mW      0 mW
  16:54:48     71 mW   1045 mW      0 mW    334 mW    569 mW    660 mW      4 mW    472 mW      4 mW      4 mW      0 mW
  16:54:48    306 mW   1025 mW      0 mW    301 mW    592 mW    570 mW     20 mW    490 mW      2 mW      4 mW      0 mW
  16:54:49   4046 mW   3099 mW      0 mW    673 mW   1349 mW   1800 mW    417 mW    504 mW      5 mW      5 mW      0 mW
  16:54:49   2306 mW   2770 mW      0 mW    583 mW   1132 mW   1570 mW    314 mW    451 mW      4 mW      4 mW      0 mW
  16:54:50     46 mW   1116 mW      0 mW    345 mW    628 mW    702 mW      2 mW    490 mW      4 mW      2 mW      0 mW
  16:54:50    110 mW   1014 mW      0 mW    286 mW    539 mW    556 mW      0 mW    465 mW      4 mW      4 mW      0 mW
  16:54:50   3312 mW   2101 mW      0 mW    593 mW   1298 mW   1510 mW    391 mW    475 mW      4 mW      4 mW      0 mW
  16:54:51   6493 mW   3364 mW      0 mW    779 mW   1571 mW   2024 mW    839 mW    511 mW      2 mW      5 mW      0 mW
  16:54:51   1145 mW   1860 mW      0 mW    393 mW    709 mW    873 mW    226 mW    461 mW      4 mW      4 mW      0 mW
  16:54:52     56 mW   1040 mW      0 mW    313 mW    540 mW    626 mW      4 mW    460 mW      4 mW      2 mW      0 mW
  16:54:52   1262 mW   2050 mW      0 mW    527 mW   1047 mW   1316 mW     83 mW    498 mW      4 mW      4 mW      0 mW
  16:54:53   2676 mW   3685 mW      0 mW    688 mW   1373 mW   1894 mW    218 mW    483 mW      4 mW      4 mW      0 mW
  16:54:53     67 mW   1460 mW      0 mW    359 mW    647 mW    801 mW     19 mW    452 mW      2 mW      4 mW      0 mW
  16:54:54     31 mW    968 mW      0 mW    299 mW    541 mW    574 mW      2 mW    475 mW      4 mW      4 mW      0 mW
  16:54:54   1691 mW   2770 mW      0 mW    614 mW   1215 mW   1637 mW    124 mW    519 mW      5 mW      5 mW      0 mW
  16:54:55   1614 mW   3149 mW      0 mW    647 mW   1204 mW   1632 mW    151 mW    458 mW      4 mW      4 mW      0 mW
  16:54:55     56 mW   1112 mW      0 mW    330 mW    556 mW    573 mW      4 mW    469 mW      4 mW      2 mW      0 mW
  16:54:55    114 mW   1033 mW      0 mW    330 mW    630 mW    672 mW      4 mW    495 mW      4 mW      4 mW      0 mW
  16:54:56   1917 mW   3086 mW      0 mW    657 mW   1336 mW   1800 mW    150 mW    473 mW      4 mW      4 mW      0 mW
  16:54:56    895 mW   2467 mW      0 mW    467 mW    887 mW   1180 mW    109 mW    467 mW      2 mW      4 mW      0 mW
  16:54:57     24 mW   1052 mW      0 mW    305 mW    555 mW    593 mW      2 mW    485 mW      4 mW      4 mW      0 mW
  16:54:57    803 mW   1347 mW      0 mW    380 mW    752 mW    789 mW     56 mW    496 mW      4 mW      4 mW      0 mW
  16:54:58   3236 mW   3475 mW      0 mW    647 mW   1349 mW   1858 mW    298 mW    474 mW      4 mW      4 mW      0 mW
  16:54:58    688 mW   2111 mW      0 mW    407 mW    760 mW    971 mW     91 mW    454 mW      4 mW      2 mW      0 mW
  16:54:59     30 mW    972 mW      0 mW    307 mW    542 mW    630 mW      2 mW    483 mW      4 mW      4 mW      0 mW
  16:54:59   2651 mW   2608 mW      0 mW    510 mW   1048 mW   1218 mW    226 mW    505 mW      4 mW      4 mW      0 mW
  16:55:00   5773 mW   4115 mW      0 mW    763 mW   1436 mW   1907 mW    600 mW    473 mW      2 mW      4 mW      0 mW
  16:55:00   1507 mW   3532 mW      0 mW    539 mW    896 mW   1110 mW    210 mW    470 mW      4 mW      4 mW      0 mW
  16:55:01     60 mW   1052 mW      0 mW    339 mW    600 mW    659 mW      4 mW    480 mW      4 mW      4 mW      0 mW
  16:55:01   6215 mW   1721 mW      0 mW    578 mW   1212 mW   1424 mW    648 mW    548 mW      5 mW      5 mW      0 mW
  16:55:01  10546 mW   2408 mW      0 mW    620 mW   1349 mW   1737 mW   1277 mW    455 mW      4 mW      2 mW      0 mW
  16:55:02  11357 mW   2594 mW      0 mW    709 mW   1438 mW   1827 mW   1372 mW    474 mW      4 mW      4 mW      0 mW
  16:55:02   2629 mW   1775 mW      0 mW    387 mW    727 mW    848 mW    438 mW    463 mW      2 mW      4 mW      0 mW
  16:55:03     52 mW   1064 mW      0 mW    328 mW    578 mW    641 mW      4 mW    491 mW      4 mW      4 mW      0 mW
  16:55:03  13699 mW   1355 mW      0 mW    567 mW   1149 mW   1319 mW   1636 mW    489 mW      5 mW      5 mW      0 mW
  16:55:04  29857 mW   2279 mW      0 mW   1064 mW   1730 mW   2105 mW   4040 mW    494 mW      5 mW      2 mW      0 mW
  16:55:04  28100 mW   2212 mW      0 mW   1136 mW   1633 mW   2027 mW   3756 mW    454 mW      4 mW      4 mW      0 mW
  16:55:05  30308 mW   2319 mW      0 mW   1230 mW   1771 mW   2204 mW   4073 mW    497 mW      2 mW      5 mW      0 mW
  16:55:05  29129 mW   2239 mW      0 mW   1179 mW   1703 mW   2116 mW   3898 mW    477 mW      5 mW      5 mW      0 mW
  16:55:06    562 mW   1498 mW      0 mW    380 mW    639 mW    760 mW    366 mW    420 mW      4 mW      2 mW      0 mW
  16:55:06     77 mW   1150 mW      0 mW    409 mW    711 mW    809 mW      5 mW    523 mW      5 mW      5 mW      0 mW
  16:55:06   9663 mW   1727 mW      0 mW   6191 mW   2927 mW   4523 mW   1682 mW    488 mW      2 mW      5 mW      0 mW
  16:55:07  14660 mW   2441 mW      0 mW   9861 mW   4076 mW   6393 mW   2972 mW    480 mW      5 mW      5 mW      0 mW
  16:55:07  13820 mW   2430 mW      0 mW   9428 mW   3883 mW   6105 mW   2843 mW    455 mW      4 mW      2 mW      0 mW
  16:55:08  14607 mW   2123 mW      0 mW   9495 mW   3930 mW   6208 mW   2868 mW    478 mW      5 mW      5 mW      0 mW
  16:55:08   4817 mW   1705 mW      0 mW   4061 mW   1866 mW   2803 mW   1180 mW    469 mW      2 mW      4 mW      0 mW
  16:55:09     18 mW    974 mW      0 mW    292 mW    520 mW    563 mW      2 mW    469 mW      4 mW      4 mW      0 mW
  16:55:09   4260 mW   2297 mW      0 mW   4573 mW   2346 mW   3471 mW   1134 mW    555 mW      5 mW      5 mW      0 mW
  16:55:09  10703 mW   1890 mW      0 mW  11191 mW   4695 mW   7512 mW   3312 mW    455 mW      5 mW      2 mW      0 mW
  16:55:10  11558 mW   2058 mW      0 mW  12116 mW   5080 mW   8125 mW   3588 mW    494 mW      5 mW      5 mW      0 mW
  16:55:10  10784 mW   1875 mW      0 mW  11344 mW   4747 mW   7608 mW   3366 mW    457 mW      2 mW      4 mW      0 mW
  16:55:11  11333 mW   2004 mW      0 mW  11789 mW   4939 mW   7892 mW   3491 mW    478 mW      4 mW      4 mW      0 mW
  16:55:11  11267 mW   1947 mW      0 mW  11735 mW   4913 mW   7868 mW   3482 mW    478 mW      4 mW      2 mW      0 mW
  16:55:12   4766 mW   1687 mW      0 mW   5872 mW   2600 mW   4045 mW   1701 mW    455 mW      4 mW      4 mW      0 mW
  16:55:12     44 mW   1076 mW      0 mW    358 mW    615 mW    723 mW      4 mW    501 mW      4 mW      4 mW      0 mW
  16:55:13   2597 mW   1261 mW      0 mW   3471 mW   1891 mW   2840 mW    797 mW    502 mW      2 mW      5 mW      0 mW
  16:55:13   9825 mW   1955 mW      0 mW  11760 mW   4920 mW   7881 mW   3472 mW    479 mW      5 mW      5 mW      0 mW
  16:55:13   9767 mW   1901 mW      0 mW  11712 mW   4895 mW   7853 mW   3466 mW    475 mW      5 mW      2 mW      0 mW
  16:55:14   9846 mW   1865 mW      0 mW  11730 mW   4904 mW   7864 mW   3467 mW    475 mW      5 mW      5 mW      0 mW
  16:55:14   9471 mW   2012 mW      0 mW  11268 mW   4718 mW   7554 mW   3331 mW    459 mW      2 mW      4 mW      0 mW
  16:55:15  10252 mW   1920 mW      0 mW  12277 mW   5129 mW   8222 mW   3631 mW    495 mW      5 mW      5 mW      0 mW
  16:55:15   5793 mW   1822 mW      0 mW   7800 mW   3352 mW   5287 mW   2280 mW    441 mW      4 mW      2 mW      0 mW
  16:55:16     69 mW   1133 mW      0 mW    390 mW    632 mW    711 mW      4 mW    473 mW      4 mW      4 mW      0 mW
  16:55:16     15 mW   1053 mW      0 mW    333 mW    599 mW    604 mW      2 mW    502 mW      2 mW      4 mW      0 mW
  16:55:17     48 mW   1056 mW      0 mW    327 mW    554 mW    605 mW      2 mW    487 mW      4 mW      4 mW      0 mW
  16:55:17     28 mW   1086 mW      0 mW    304 mW    539 mW    571 mW      2 mW    475 mW      4 mW      4 mW      0 mW
  16:55:18     22 mW   1001 mW      0 mW    292 mW    495 mW    535 mW      2 mW    460 mW      4 mW      2 mW      0 mW
  16:55:18     31 mW    954 mW      0 mW    289 mW    509 mW    554 mW      0 mW    490 mW      4 mW      4 mW      0 mW
