loaded 017: 34 cells
loaded 016 (naive baseline 20260429T213959): 247 cells

==================================================================================================================================
Per-shape MPS p50 + naive baseline + ratio
==================================================================================================================================
cell sweep       shape              trials    MPS p50    CV%   MPS ps/F MPS TFLOP/s  naive slope  naive N=1   r_slope   r_N=1
----------------------------------------------------------------------------------------------------------------------------------
   0 square      8x8x8                5000    9.00 µs  410.5   8789.062       0.000        71 ns    7.25 µs     0.01×   0.81×
   1 square      12x12x12             5000    6.54 µs  242.8   1892.940       0.001        91 ns    8.38 µs     0.01×   1.28×
   2 square      16x16x16             5000    5.71 µs  159.4    696.777       0.001       179 ns    8.33 µs     0.03×   1.46×
   3 square      24x24x24             5000    6.12 µs   72.1    221.535       0.005       281 ns    9.62 µs     0.05×   1.57×
   4 square      32x32x32             5000    7.00 µs  107.6    106.812       0.009       463 ns   10.96 µs     0.07×   1.57×
   5 square      48x48x48             5000   10.38 µs   61.3     46.907       0.021       699 ns   12.04 µs     0.07×   1.16×
   6 square      64x64x64             5000    5.71 µs   65.7     10.887       0.092       690 ns   14.67 µs     0.12×   2.57×
   7 square      96x96x96             5000    7.25 µs   68.4      4.097       0.244      1.32 µs   15.83 µs     0.18×   2.18×
   8 square      128x128x128          5000    7.75 µs   68.4      1.848       0.541      1.90 µs   23.08 µs     0.25×   2.98×
   9 square      192x192x192          5000   10.88 µs   63.7      0.768       1.302      6.73 µs   41.83 µs     0.62×   3.85×
  10 square      256x256x256          5000   11.92 µs   68.9      0.355       2.816     15.68 µs   34.29 µs     1.32×   2.88×
  11 square      384x384x384          5000   21.71 µs   74.3      0.192       5.217     58.60 µs   62.58 µs     2.70×   2.88×
  12 square      512x512x512          5000   32.79 µs   77.6      0.122       8.186    144.46 µs  144.67 µs     4.41×   4.41×
  13 square      768x768x768          5000   93.58 µs   50.3      0.103       9.681    453.86 µs  497.62 µs     4.85×   5.32×
  14 square      1024x1024x1024       5000  208.17 µs   11.0      0.097      10.316     1.286 ms   1.085 ms     6.18×   5.21×
  15 square      1536x1536x1536       5000  676.38 µs    1.1      0.093      10.716     4.972 ms   4.290 ms     7.35×   6.34×
  16 square      2048x2048x2048       2637   1.615 ms    7.7      0.094      10.635    14.885 ms  13.150 ms     9.21×   8.14×
  17 ksweep_128  128x128x2            5000    6.83 µs   55.5    104.263       0.010        15 ns    7.62 µs     0.00×   1.12×
  18 ksweep_128  128x128x4            5000    3.75 µs   64.7     28.610       0.035        43 ns    4.04 µs     0.01×   1.08×
  19 ksweep_128  128x128x16           5000    4.00 µs   63.3      7.629       0.131       268 ns    5.42 µs     0.07×   1.35×
  20 ksweep_128  128x128x64           5000    4.17 µs   62.9      1.987       0.503      1.19 µs   15.12 µs     0.29×   3.63×
  21 ksweep_128  128x128x256          5000    8.50 µs   86.4      1.013       0.987      3.64 µs   38.04 µs     0.43×   4.48×
  22 ksweep_128  128x128x1024         5000   20.62 µs   69.0      0.615       1.627     24.09 µs   36.79 µs     1.17×   1.78×
  23 ksweep_128  128x128x4096         5000   35.75 µs   69.5      0.266       3.754     93.49 µs  137.12 µs     2.62×   3.84×
  24 ksweep_512  512x512x2            5000    4.83 µs   67.1      4.609       0.217       155 ns    8.04 µs     0.03×   1.66×
  25 ksweep_512  512x512x4            5000    5.12 µs   68.9      2.444       0.409       453 ns   15.00 µs     0.09×   2.93×
  26 ksweep_512  512x512x16           5000   11.71 µs   57.4      1.396       0.716      3.39 µs   28.04 µs     0.29×   2.40×
  27 ksweep_512  512x512x64           5000    7.83 µs   93.5      0.233       4.284     13.80 µs   29.79 µs     1.76×   3.80×
  28 ksweep_512  512x512x256          5000   18.12 µs   76.3      0.135       7.405     58.65 µs   73.54 µs     3.24×   4.06×
  29 ksweep_512  512x512x1024         5000   59.88 µs   70.0      0.112       8.967    280.30 µs  290.33 µs     4.68×   4.85×
  30 ksweep_512  512x512x4096         5000  228.83 µs   10.5      0.107       9.385     1.205 ms   1.034 ms     5.26×   4.52×
  33 membound    2x8192x4096          5000  343.50 µs    3.1      2.559       0.391    524.43 µs  362.42 µs     1.53×   1.06×
  31 membound    8x4096x4096          5000  195.25 µs    7.1      0.727       1.375    334.56 µs  342.42 µs     1.71×   1.75×
  32 membound    4x8192x4096          5000  345.21 µs    3.8      1.286       0.778    715.35 µs  437.79 µs     2.07×   1.27×

====================================================================================================
SQUARE DIAGONAL: M=N=K (cache-fit ceiling probe)
====================================================================================================
           shape     MPS p50   TFLOP/s  naive slope   r_slope     r_N=1
             8^3     9.00 µs     0.000        71 ns     0.01×     0.81×
            12^3     6.54 µs     0.001        91 ns     0.01×     1.28×
            16^3     5.71 µs     0.001       179 ns     0.03×     1.46×
            24^3     6.12 µs     0.005       281 ns     0.05×     1.57×
            32^3     7.00 µs     0.009       463 ns     0.07×     1.57×
            48^3    10.38 µs     0.021       699 ns     0.07×     1.16×
            64^3     5.71 µs     0.092       690 ns     0.12×     2.57×
            96^3     7.25 µs     0.244      1.32 µs     0.18×     2.18×
           128^3     7.75 µs     0.541      1.90 µs     0.25×     2.98×
           192^3    10.88 µs     1.302      6.73 µs     0.62×     3.85×
           256^3    11.92 µs     2.816     15.68 µs     1.32×     2.88×
           384^3    21.71 µs     5.217     58.60 µs     2.70×     2.88×
           512^3    32.79 µs     8.186    144.46 µs     4.41×     4.41×
           768^3    93.58 µs     9.681    453.86 µs     4.85×     5.32×
          1024^3   208.17 µs    10.316     1.286 ms     6.18×     5.21×
          1536^3   676.38 µs    10.716     4.972 ms     7.35×     6.34×
          2048^3    1.615 ms    10.635    14.885 ms     9.21×     8.14×

====================================================================================================
K-SWEEP at M=N=128
====================================================================================================
           shape     MPS p50   TFLOP/s  naive slope   r_slope     r_N=1
             K=2     6.83 µs     0.010        15 ns     0.00×     1.12×
             K=4     3.75 µs     0.035        43 ns     0.01×     1.08×
            K=16     4.00 µs     0.131       268 ns     0.07×     1.35×
            K=64     4.17 µs     0.503      1.19 µs     0.29×     3.63×
           K=256     8.50 µs     0.987      3.64 µs     0.43×     4.48×
          K=1024    20.62 µs     1.627     24.09 µs     1.17×     1.78×
          K=4096    35.75 µs     3.754     93.49 µs     2.62×     3.84×

====================================================================================================
K-SWEEP at M=N=512
====================================================================================================
           shape     MPS p50   TFLOP/s  naive slope   r_slope     r_N=1
             K=2     4.83 µs     0.217       155 ns     0.03×     1.66×
             K=4     5.12 µs     0.409       453 ns     0.09×     2.93×
            K=16    11.71 µs     0.716      3.39 µs     0.29×     2.40×
            K=64     7.83 µs     4.284     13.80 µs     1.76×     3.80×
           K=256    18.12 µs     7.405     58.65 µs     3.24×     4.06×
          K=1024    59.88 µs     8.967    280.30 µs     4.68×     4.85×
          K=4096   228.83 µs     9.385     1.205 ms     5.26×     4.52×

====================================================================================================
MEMORY-BOUND PROBES
====================================================================================================
           shape     MPS p50   TFLOP/s  naive slope   r_slope     r_N=1
     2x8192x4096   343.50 µs     0.391    524.43 µs     1.53×     1.06×
     8x4096x4096   195.25 µs     1.375    334.56 µs     1.71×     1.75×
     4x8192x4096   345.21 µs     0.778    715.35 µs     2.07×     1.27×

====================================================================================================
Pre-registered verdicts
====================================================================================================

  Per-shape stability: 7/34 shapes with CV < 30%; 34/34 shapes with ≥ 100 trials
  -> methodology verdict: MARGINAL

  016 compute-plateau ratios (naive slope / MPS p50):
    128^3:  ratio=0.25×  (naive 1900 ns / MPS 7750 ns)
    192^3:  ratio=0.62×  (naive 6727 ns / MPS 10875 ns)
    256^3:  ratio=1.32×  (naive 15675 ns / MPS 11917 ns)
    384^3:  ratio=2.70×  (naive 58597 ns / MPS 21708 ns)
    512^3:  ratio=4.41×  (naive 144461 ns / MPS 32792 ns)
    768^3:  ratio=4.85×  (naive 453864 ns / MPS 93583 ns)
  median=2.01×  min=0.25×  max=4.85×  range across 34 shapes=4333.91×
  -> gap verdict: SHAPE-DEPENDENT (plateau median ratio 2.01×)

  MPS peak TFLOP/s on large squares (M ≥ 1024): 10.72 (38.3 % of 28.0 TFLOP/s fp32 peak)
  -> MPS absolute verdict: MID

====================================================================================================
Headline
====================================================================================================
  methodology:    MARGINAL
  gap on 016 plateau: SHAPE-DEPENDENT
  MPS plateau:    MID

  reference: naive matmul plateau (016) = ~2 TFLOP/s on M=N=K ∈ [128, 768]
  with-overhead (apples-to-apples) ratio at plateau: median 3.41×
